pID,tp,ebi_1,ebi_2,ebi_3,ebi_4,ebi_5,ebi_6,ebi_score,ebi_complete,tadaa
1021,a00_dosing_session_arm_1,86,75,77,76,76,90,480,2,80.0
1021,b00_dosing_session_arm_1,60,10,80,50,10,90,300,2,50
