,bsl,A21,A7,B21,B7
ACE,2.8±1.8,,,,
MADRS,27.6±6.2,13.8±10.0,14.0±9.9,9.4±7.8,8.0±6.7
YMRS,5.6±3.0,3.2±3.1,3.8±1.9,1.7±1.2,4.1±2.8
