,bsl,A21,A7,B21,B7
ACE,2.79±1.76,,,,
MADRS,27.571±6.173,13.846±9.982,14.0±9.938,9.429±7.764,8.0±6.676
YMRS,5.6429±3.0155,3.2308±3.0864,3.75±1.8887,1.7143±1.1852,4.125±2.8379
